// Jest Snapshot v1, https://goo.gl/fbAQLP

exports[`everything rendered on the app 1`] = `
<div
  class="App"
  data-testid="test-all"
>
  <div
    class="header"
  >
    <div
      class="popup "
    >
      <div
        class="quantity-info"
      >
        <div>
          <h1>
            My Shopping Cart
          </h1>
          <div
            class="scroll"
          />
          <div>
            <h3>
              Total: $ 
              0
            </h3>
            <button
              class="checkout-btn"
            >
              Checkout
            </button>
            <button
              class="bck-btn"
            >
              Back
            </button>
          </div>
        </div>
        <div>
          <button>
            X
          </button>
        </div>
      </div>
    </div>
    <p
      class="logo-style"
      style="color: rgb(255, 203, 164);"
    >
      Dura_glam Store
    </p>
    <div
      class="left-header"
    >
      <ul>
        <a
          href="/shopping-cart/"
        >
          <li>
            Home
          </li>
        </a>
        <a
          class="link"
          data-testid="test-app"
          href="/shopping-cart/store"
        >
          <li>
            Store
          </li>
        </a>
        <a
          class=""
          href="/shopping-cart/about"
        >
          <li>
            About
          </li>
        </a>
      </ul>
      <div
        class="svg-container"
      >
        <div
          class="svg-background"
        >
          <img
            alt="cart icon"
            class="cart"
            src="cart-variant.svg"
          />
        </div>
      </div>
    </div>
  </div>
  <div
    style="background-color: rgb(0, 0, 0); padding: 10px; position: absolute; bottom: 0px; right: 0px; left: 0px; color: white; display: flex; justify-content: center;"
  >
    Copyright Â© 2023 Olanrewaju
  </div>
</div>
`;
